exports[`Header test should match the Header snapshot 1`] = `
ShallowWrapper {
  "length": 1,
  Symbol(enzyme.__root__): [Circular],
  Symbol(enzyme.__unrendered__): <Header
    cards={Array []} />,
  Symbol(enzyme.__renderer__): Object {
    "batchedUpdates": [Function],
    "getNode": [Function],
    "render": [Function],
    "simulateEvent": [Function],
    "unmount": [Function],
  },
  Symbol(enzyme.__node__): Object {
    "instance": null,
    "key": undefined,
    "nodeType": "host",
    "props": Object {
      "children": <h1>
        HeadCount 2 
        <span>
                dot
        </span>
         0
</h1>,
      "className": "Header",
    },
    "ref": null,
    "rendered": Object {
      "instance": null,
      "key": undefined,
      "nodeType": "host",
      "props": Object {
        "children": Array [
          "HeadCount 2 ",
          <span>
            dot
</span>,
          " 0",
        ],
      },
      "ref": null,
      "rendered": Array [
        "HeadCount 2 ",
        Object {
          "instance": null,
          "key": undefined,
          "nodeType": "host",
          "props": Object {
            "children": "dot",
          },
          "ref": null,
          "rendered": "dot",
          "type": "span",
        },
        " 0",
      ],
      "type": "h1",
    },
    "type": "div",
  },
  Symbol(enzyme.__nodes__): Array [
    Object {
      "instance": null,
      "key": undefined,
      "nodeType": "host",
      "props": Object {
        "children": <h1>
          HeadCount 2 
          <span>
                    dot
          </span>
           0
</h1>,
        "className": "Header",
      },
      "ref": null,
      "rendered": Object {
        "instance": null,
        "key": undefined,
        "nodeType": "host",
        "props": Object {
          "children": Array [
            "HeadCount 2 ",
            <span>
              dot
</span>,
            " 0",
          ],
        },
        "ref": null,
        "rendered": Array [
          "HeadCount 2 ",
          Object {
            "instance": null,
            "key": undefined,
            "nodeType": "host",
            "props": Object {
              "children": "dot",
            },
            "ref": null,
            "rendered": "dot",
            "type": "span",
          },
          " 0",
        ],
        "type": "h1",
      },
      "type": "div",
    },
  ],
  Symbol(enzyme.__options__): Object {
    "adapter": ReactFifteenAdapter {
      "options": Object {
        "supportPrevContextArgumentOfComponentDidUpdate": true,
      },
    },
  },
}
`;
