exports[`ComparisonContainer test should match the ComparisonContainer snapshot 1`] = `
ShallowWrapper {
  "length": 1,
  Symbol(enzyme.__root__): [Circular],
  Symbol(enzyme.__unrendered__): <ComparisonContainer
    cards={Array []}
    comparison={
        Array [
            null,
            null,
          ]
    } />,
  Symbol(enzyme.__renderer__): Object {
    "batchedUpdates": [Function],
    "getNode": [Function],
    "render": [Function],
    "simulateEvent": [Function],
    "unmount": [Function],
  },
  Symbol(enzyme.__node__): Object {
    "instance": null,
    "key": undefined,
    "nodeType": "host",
    "props": Object {
      "children": Array [
        <h3>
          Click Two Cards to Compare the School Districts
</h3>,
        null,
        <Card
          data={Object {}}
          type="Card comparison" />,
        null,
        <Card
          data={Object {}}
          type="Card compared" />,
        null,
        <Card
          data={Object {}}
          type="Card comparison" />,
      ],
      "className": "ComparisonContainer",
    },
    "ref": null,
    "rendered": Array [
      Object {
        "instance": null,
        "key": undefined,
        "nodeType": "host",
        "props": Object {
          "children": "Click Two Cards to Compare the School Districts",
        },
        "ref": null,
        "rendered": "Click Two Cards to Compare the School Districts",
        "type": "h3",
      },
      null,
      Object {
        "instance": null,
        "key": undefined,
        "nodeType": "function",
        "props": Object {
          "data": Object {},
          "type": "Card comparison",
        },
        "ref": null,
        "rendered": null,
        "type": [Function],
      },
      null,
      Object {
        "instance": null,
        "key": undefined,
        "nodeType": "function",
        "props": Object {
          "data": Object {},
          "type": "Card compared",
        },
        "ref": null,
        "rendered": null,
        "type": [Function],
      },
      null,
      Object {
        "instance": null,
        "key": undefined,
        "nodeType": "function",
        "props": Object {
          "data": Object {},
          "type": "Card comparison",
        },
        "ref": null,
        "rendered": null,
        "type": [Function],
      },
    ],
    "type": "div",
  },
  Symbol(enzyme.__nodes__): Array [
    Object {
      "instance": null,
      "key": undefined,
      "nodeType": "host",
      "props": Object {
        "children": Array [
          <h3>
            Click Two Cards to Compare the School Districts
</h3>,
          null,
          <Card
            data={Object {}}
            type="Card comparison" />,
          null,
          <Card
            data={Object {}}
            type="Card compared" />,
          null,
          <Card
            data={Object {}}
            type="Card comparison" />,
        ],
        "className": "ComparisonContainer",
      },
      "ref": null,
      "rendered": Array [
        Object {
          "instance": null,
          "key": undefined,
          "nodeType": "host",
          "props": Object {
            "children": "Click Two Cards to Compare the School Districts",
          },
          "ref": null,
          "rendered": "Click Two Cards to Compare the School Districts",
          "type": "h3",
        },
        null,
        Object {
          "instance": null,
          "key": undefined,
          "nodeType": "function",
          "props": Object {
            "data": Object {},
            "type": "Card comparison",
          },
          "ref": null,
          "rendered": null,
          "type": [Function],
        },
        null,
        Object {
          "instance": null,
          "key": undefined,
          "nodeType": "function",
          "props": Object {
            "data": Object {},
            "type": "Card compared",
          },
          "ref": null,
          "rendered": null,
          "type": [Function],
        },
        null,
        Object {
          "instance": null,
          "key": undefined,
          "nodeType": "function",
          "props": Object {
            "data": Object {},
            "type": "Card comparison",
          },
          "ref": null,
          "rendered": null,
          "type": [Function],
        },
      ],
      "type": "div",
    },
  ],
  Symbol(enzyme.__options__): Object {
    "adapter": ReactFifteenAdapter {
      "options": Object {
        "supportPrevContextArgumentOfComponentDidUpdate": true,
      },
    },
  },
}
`;
